
Allocating common symbols
Common symbol       size              file

clflush_size        0x4               output.o
sReaderContext      0x60              output.o
uefi_memory_map_data
                    0x4000            output.o
current_iphdr_src   0x4               output.o
uefi_booted         0x4               output.o
sigx_app            0x8               output.o
tcp_tw_pcbs         0x8               output.o
tcp_ticks           0x4               output.o
num_dom             0x4               output.o
mszReaders          0x400             output.o
udp_pcbs            0x8               output.o
prohibit_iccard_init
                    0x4               output.o
tcp_tmp_pcb         0x8               output.o
tcp_listen_pcbs     0x8               output.o
pci_config_mmio_data_head
                    0x8               output.o
netif_default       0x8               output.o
tcp_active_pcbs     0x8               output.o
curthread           0x8               output.o
current_netif       0x8               output.o
tcp_bound_pcbs      0x8               output.o
ram_heap            0x100001c         output.o
sig_app             0x8               output.o
readerState         0x64              output.o
dom_io              0x800             output.o
acpi_dsdt_system_state
                    0x1e              output.o
current_header      0x8               output.o
ehci_host           0x8               output.o
tcp_active_pcbs_changed
                    0x1               output.o
tcp_input_pcb       0x8               output.o
num_of_processors   0x4               output.o
pbuf_free_ooseq_pending
                    0x1               output.o
e801_fake_bx        0x2               output.o
dhcp_rx_options_val
                    0x28              output.o
dhcp_rx_options_given
                    0xa               output.o
iommu_detected      0x1               output.o
uefi_mmio_space     0x8               output.o
dwReaders           0x8               output.o
current_iphdr_dest  0x4               output.o
readerTracker       0x140             output.o
handler_descriptor_lock
                    0x1               output.o
e801_fake_ax        0x2               output.o
netif_list          0x8               output.o

Discarded input sections

 .gomi          0x0000000000000000       0x10 output.o

Memory Configuration

Name             Origin             Length             Attributes
*default*        0x0000000000000000 0xffffffffffffffff

Linker script and memory map

                0x0000000040100000                virt = 0x40100000
                0x0000000000100000                phys = 0x100000
                0x0000000040100000                . = virt
                0x0000000040100000                head = .
                0x00000000401000b0                . = (virt + SIZEOF_HEADERS)

.entry          0x0000000040101000     0x6600 load address 0x0000000000101000
                0x0000000040101000                code = .
 *(.entry)
 .entry         0x0000000040101000     0x6000 output.o
                0x000000004010100c                entry
                0x0000000040101338                uefi_entry_virttophys
                0x0000000040101343                uefi_entry_call
                0x0000000040101383                uefi_entry_pcpy
                0x00000000401013c2                uefi_entry_start
                0x00000000401014d9                uefi_entry_rsp
                0x00000000401014e1                uefi_entry_ret_addr
                0x0000000040101580                cpuinit_start
                0x00000000401017b0                vmm_base_cr3
                0x00000000401017c8                apinit_procs
                0x00000000401017d0                apinit_lock
                0x00000000401017d8                cpuinit_end
                0x0000000040103000                entry_pdp
                0x0000000040104000                entry_pd0
                0x0000000040105000                entry_pd
 *(.entry.text)
 .entry.text    0x0000000040107000      0x517 output.o
                0x0000000040107000                uefi_init_get_vmmsize
                0x00000000401070a2                uefi_init
 *(.entry.data)
 *fill*         0x0000000040107517        0x9 
 .entry.data    0x0000000040107520       0xe0 output.o
                0x0000000040107588                uefi_acpi_table
                0x0000000040107590                uefi_acpi_20_table
                0x0000000040107598                uefi_wait_for_event
                0x00000000401075a0                uefi_free_pages
                0x00000000401075a8                uefi_get_memory_map
                0x00000000401075b0                uefi_allocate_pages
                0x00000000401075b8                uefi_conout_output_string
                0x00000000401075c0                uefi_conin_read_key_stroke
                0x00000000401075c8                uefi_conout
                0x00000000401075d0                uefi_conin

.text           0x0000000040108000   0x11edc4 load address 0x0000000000108000
                0x0000000040108000                text = .
 *(.text)
 .text          0x0000000040108000   0x11edc4 output.o
                0x0000000040108b47                acpi_smi_hook
                0x0000000040108b95                acpi_iohook
                0x0000000040108bea                acpi_reset
                0x0000000040108ce1                acpi_poweroff
                0x0000000040108d15                get_acpi_time_raw
                0x0000000040108d33                acpi_read_mcfg
                0x000000004010eb8d                acpi_dsdt_parse
                0x000000004010ec4a                acpi_ssdt_parse
                0x000000004010ed95                apinitproc0
                0x000000004010edc1                apic_available
                0x000000004010ede8                ap_start_addr
                0x000000004010f14d                panic_wakeup_all
                0x000000004010f1ee                disable_apic
                0x000000004010f2bc                sync_all_processors
                0x000000004010f34a                start_all_processors
                0x000000004010f38c                assertion_failed
                0x000000004010f3c3                beep_set_freq
                0x000000004010f3ef                beep_on
                0x000000004010f3fa                beep_off
                0x000000004010fa95                update_mtrr_and_pat
                0x000000004010feb7                cache_get_gpat
                0x000000004010ff05                cache_set_gpat
                0x000000004010ff4d                cache_get_attr
                0x000000004010ffff                cache_get_gmtrr_type
                0x000000004011001a                cache_gmtrr_type_equal
                0x0000000040110137                cache_get_gmtrr_attr
                0x000000004011015b                cache_get_gmtrrcap
                0x0000000040110185                cache_get_gmtrr
                0x0000000040110299                cache_set_gmtrr
                0x00000000401102f6                cache_get_gmsr_amd
                0x0000000040110387                cache_set_gmsr_amd
                0x00000000401107e9                callrealmode_endofcodeaddr
                0x00000000401107f5                callrealmode_usevcpu
                0x00000000401107fd                callrealmode_printmsg
                0x0000000040110819                callrealmode_getsysmemmap
                0x0000000040110865                callrealmode_getshiftflags
                0x0000000040110882                callrealmode_setvideomode
                0x000000004011089f                callrealmode_reboot
                0x00000000401108b7                callrealmode_tcgbios
                0x0000000040110954                callrealmode_disk_readmbr
                0x0000000040110995                callrealmode_disk_readlba
                0x00000000401109e0                callrealmode_bootcd_getstatus
                0x0000000040110a35                callrealmode_setcursorpos
                0x0000000040110a5b                callrealmode_startkernel32
                0x0000000040110a7b                callrealmode_getfontinfo
                0x0000000040110ae8                call_uefi_get_memory_map
                0x0000000040110b63                call_uefi_allocate_pages
                0x0000000040110bc2                call_uefi_free_pages
                0x0000000040110be7                call_uefi_getkey
                0x0000000040110c5c                call_uefi_putchar
                0x0000000040110ca7                fill_pagetable
                0x0000000040110dab                copy_uefi_bootcode
                0x0000000040110f17                get_cpu_id
                0x0000000040110f26                cpu_emul_cpuid
                0x0000000040110fe2                cpu_emul_rdmsr
                0x0000000040111053                cpu_emul_wrmsr
                0x00000000401110c5                cpu_emul_hlt
                0x00000000401110d8                cpu_emul_cli
                0x0000000040111113                cpu_emul_sti
                0x000000004011115c                cpu_emul_realmode_int
                0x00000000401112ce                cpu_emul_xsetbv
                0x0000000040113c52                cpu_interpreter
                0x0000000040115eef                cpu_mmu_get_pte
                0x000000004011645f                write_linearaddr_ok_b
                0x0000000040116481                write_linearaddr_ok_w
                0x000000004011648f                write_linearaddr_ok_l
                0x000000004011649d                write_linearaddr_b
                0x0000000040116503                write_linearaddr_w
                0x0000000040116593                write_linearaddr_l
                0x0000000040116621                write_linearaddr_q
                0x00000000401166ad                read_linearaddr_b
                0x0000000040116712                read_linearaddr_w
                0x000000004011679c                read_linearaddr_l
                0x0000000040116826                read_linearaddr_q
                0x00000000401168b0                read_linearaddr_tss
                0x0000000040116936                write_linearaddr_tss
                0x000000004011a738                cpu_mmu_spt_tlbflush
                0x000000004011a776                cpu_mmu_spt_updatecr3
                0x000000004011a9f5                cpu_mmu_spt_invalidate
                0x000000004011aa69                cpu_mmu_spt_pagefault
                0x000000004011ac49                cpu_mmu_spt_extern_mapsearch
                0x000000004011ad77                cpu_mmu_spt_map_1mb
                0x000000004011aef5                cpu_mmu_spt_clear_all
                0x000000004011b04c                cpu_mmu_spt_init
                0x000000004011b5d7                cpu_seg_read_b
                0x000000004011b641                cpu_seg_read_w
                0x000000004011b6ab                cpu_seg_read_l
                0x000000004011b715                cpu_seg_read_q
                0x000000004011b77f                cpu_seg_write_b
                0x000000004011b7ea                cpu_seg_write_w
                0x000000004011b855                cpu_seg_write_l
                0x000000004011b8bf                cpu_seg_write_q
                0x000000004011b929                cpu_stack_get
                0x000000004011b994                cpu_stack_set
                0x000000004011ba2b                cpu_stack_push
                0x000000004011bad3                cpu_stack_pop
                0x000000004011bbb5                call_cpuid
                0x000000004011bf88                debug_gdb
                0x000000004011bf8a                debug_iohook
                0x000000004011bf8c                debug_msgregister
                0x000000004011bfbf                debug_msgunregister
                0x000000004011c062                exint_pass_intr_alloc
                0x000000004011c0a8                exint_pass_intr_free
                0x000000004011c0c6                do_exint_pass
                0x000000004011c19c                read_gphys_b
                0x000000004011c1ff                write_gphys_b
                0x000000004011c27e                read_gphys_w
                0x000000004011c30b                write_gphys_w
                0x000000004011c3b8                read_gphys_l
                0x000000004011c445                write_gphys_l
                0x000000004011c4f5                read_gphys_q
                0x000000004011c582                write_gphys_q
                0x000000004011c62f                cmpxchg_gphys_l
                0x000000004011c6e8                cmpxchg_gphys_q
                0x000000004011c7a1                gmm_pass_getforcemap
                0x000000004011c7f0                gmm_pass_gp2hp
                0x000000004011c828                gmm_pass_gp2hp_2m
                0x000000004011ccaf                idman_reinit_session
                0x000000004011cd2d                idman_reinit2
                0x000000004011cd51                get_idman_session
                0x000000004011cd7e                call_initfunc
                0x000000004011cdd5                initfunc_init
                0x000000004011e932                int_fatal
                0x000000004011ebf4                callfunc_and_getint
                0x000000004011ec0b                do_externalint_enable
                0x000000004011ec23                set_int_handler
                0x000000004011ec3e                int_exceptionHandler
                0x000000004011ec45                int_init_ap
                0x000000004011ec71                do_io_nothing
                0x000000004011ecac                set_iofunc
                0x000000004011ed1d                call_io
                0x000000004011ee01                do_iopass_default
                0x000000004011f096                keyboard_reset
                0x000000004011f0e0                setkbdled
                0x000000004011f134                keyboard_flush
                0x000000004011f153                load_bootsector
                0x000000004011f4fe                copy_bootsector
                0x000000004011f8f5                localapic_wait_for_sipi
                0x000000004011f9ca                localapic_change_base_msr
                0x000000004011fa44                localapic_mmio_register
                0x000000004011faad                localapic_delayed_ap_start
                0x000000004011fab5                localapic_x2apic_icr
                0x00000000401204e1                resume_vm
                0x0000000040120593                vmm_main
                0x0000000040120a53                getsysmemmap
                0x0000000040120ad3                getfakesysmemmap
                0x0000000040120b3e                phys_to_virt
                0x0000000040120b4f                vmm_start_inf
                0x0000000040120b56                vmm_term_inf
                0x0000000040120b62                num_of_available_pages
                0x0000000040120bd0                mm_get_panicmem
                0x0000000040120bfa                mm_free_panicmem
                0x0000000040120c3e                alloc_pages
                0x0000000040120cb1                alloc_page
                0x0000000040120cc4                alloc
                0x0000000040120f62                alloc2
                0x0000000040120f9b                free
                0x0000000040121095                realloc
                0x00000000401211b5                free_page
                0x00000000401211cb                free_page_phys
                0x00000000401211f1                mempool_new
                0x000000004012124b                mempool_free
                0x00000000401212ec                mempool_allocmem
                0x00000000401214e0                mempool_freemem
                0x0000000040121789                sym_to_phys
                0x0000000040121798                phys_in_vmm
                0x00000000401217bb                mm_force_unlock
                0x00000000401217df                mm_process_alloc
                0x0000000040121821                mm_process_free
                0x000000004012182f                pmap_open_vmm
                0x0000000040121855                pmap_open_guest
                0x0000000040121892                pmap_close
                0x0000000040121894                pmap_getreadlevel
                0x000000004012189b                pmap_setlevel
                0x00000000401218a2                pmap_seek
                0x0000000040121906                pmap_read
                0x0000000040121b57                pmap_write
                0x0000000040121ceb                mm_process_unmap
                0x0000000040121dbf                mm_process_unmap_stack
                0x0000000040121f7e                mm_process_unmapall
                0x0000000040122018                mm_process_switch
                0x00000000401221dd                pmap_pointer
                0x000000004012223b                pmap_clear
                0x0000000040122324                pmap_autoalloc
                0x000000004012247c                mm_process_map_alloc
                0x0000000040122565                mm_process_map_shared_physpage
                0x00000000401225c0                mm_process_map_shared
                0x0000000040122802                mm_process_map_stack
                0x000000004012317f                pmap_dump
                0x000000004012328a                unmapmem
                0x000000004012335c                mapmem
                0x00000000401237b2                read_hphys_b
                0x0000000040123807                write_hphys_b
                0x000000004012382c                read_hphys_w
                0x0000000040123856                write_hphys_w
                0x000000004012387c                read_hphys_l
                0x00000000401238a4                write_hphys_l
                0x00000000401238c9                read_hphys_q
                0x00000000401238f3                write_hphys_q
                0x000000004012391a                cmpxchg_hphys_l
                0x000000004012395a                cmpxchg_hphys_q
                0x000000004012399e                alloc_realmodemem
                0x0000000040123b8c                mapmem_hphys
                0x0000000040123ba7                mapmem_gphys
                0x0000000040123bc2                mm_flush_wb_cache
                0x0000000040124281                mmio_access_memory
                0x0000000040124542                mmio_access_page
                0x000000004012461b                mmio_register
                0x000000004012462f                mmio_register_unlocked
                0x0000000040124643                mmio_unregister
                0x00000000401246f2                mmio_lock
                0x000000004012472b                mmio_unlock
                0x000000004012482d                mmio_range
                0x00000000401249f1                msg_findname
                0x0000000040124a51                msg_register
                0x0000000040124b1e                msg_unregister
                0x0000000040124b9c                msg_unregisterall
                0x0000000040124c1f                msg_unregister2
                0x0000000040124cd5                call_read_msr
                0x0000000040124cec                call_write_msr
                0x0000000040125027                msr_pass_hook_x2apic_icr
                0x0000000040125134                load_minios
                0x0000000040125412                backtrace
                0x0000000040125e63                panic
                0x0000000040126423                auto_reboot
                0x0000000040126440                panic_test
                0x0000000040126463                pcpu_list_foreach
                0x0000000040126493                pcpu_list_add
                0x00000000401264e4                pcpu_init
                0x0000000040126f98                vprintf
                0x0000000040126fd6                printf
                0x000000004012701e                vsnprintf
                0x000000004012705c                snprintf
                0x000000004012728d                sys_msgsetfunc
                0x0000000040127330                sys_msgclose
                0x0000000040127348                sys_msgret
                0x000000004012742e                sys_msgregister
                0x0000000040127660                sys_msgsenddesc
                0x0000000040127a25                sys_newprocess
                0x0000000040127a88                sys_msgunregister
                0x0000000040127b13                sys_exitprocess
                0x0000000040127b63                sys_msgopen
                0x0000000040127bc4                process_kill
                0x0000000040127c28                own_process64_msrs
                0x000000004012834e                sys_msgsendint
                0x00000000401283f0                sys_msgsendbuf
                0x0000000040128526                msgsetfunc
                0x0000000040128537                msgregister
                0x0000000040128550                msgopen
                0x0000000040128566                msgclose
                0x0000000040128574                msgsendint
                0x000000004012858b                msgsenddesc
                0x00000000401285a2                newprocess
                0x00000000401285b8                msgsendbuf
                0x00000000401285d5                msgunregister
                0x0000000040128608                exitprocess
                0x000000004012861b                msgpremapbuf
                0x0000000040128730                process_syscall
                0x00000000401287e6                putchar
                0x0000000040128827                putchar_set_func
                0x0000000040128ad5                do_panic_reboot
                0x0000000040128b52                handle_init_to_bsp
                0x0000000040128bbc                reboot_test
                0x0000000040128be9                savemsr_save
                0x0000000040128c4d                savemsr_load
                0x0000000040128fb3                get_seg_base
                0x0000000040129068                get_seg_access_rights
                0x0000000040129084                segment_wakeup
                0x00000000401290c2                segment_init_ap
                0x00000000401292c8                serial_putDebugChar
                0x00000000401292d6                serial_getDebugChar
                0x00000000401292e7                serial_putchar
                0x0000000040129345                serial_init_iohook
                0x000000004012937c                waitcycles
                0x0000000040129392                usleep
                0x000000004012949e                sleep_set_timer_counter
                0x00000000401294c6                strtol
                0x0000000040129746                vmctl_svm_init
                0x0000000040129796                message_exitcode
                0x0000000040129b0e                printexitcode
                0x0000000040129b2e                svm_available
                0x0000000040129bdd                svm_reset
                0x0000000040129e81                svm_vminit
                0x000000004012a244                svm_vmexit
                0x000000004012a246                svm_init
                0x000000004012a364                svm_enable_resume
                0x000000004012a415                svm_resume
                0x000000004012a51d                svm_ioio
                0x000000004012a61a                svm_iopass
                0x000000004012a77a                svm_init_signal
                0x000000004012a7a0                svm_start_vm
                0x000000004012b511                svm_msr_update_lma
                0x000000004012b581                svm_read_msr
                0x000000004012b873                svm_write_msr
                0x000000004012bb63                svm_msrpass
                0x000000004012c1ef                svm_np_init
                0x000000004012c2ab                svm_np_pagefault
                0x000000004012c32e                svm_np_tlbflush
                0x000000004012c330                svm_np_updatecr3
                0x000000004012c33e                svm_np_clear_all
                0x000000004012c3a6                svm_np_extern_mapsearch
                0x000000004012c447                svm_np_map_1mb
                0x000000004012c4a8                svm_paging_extern_flush_tlb_entry
                0x000000004012c4cf                svm_paging_map_1mb
                0x000000004012c4f6                svm_paging_flush_guest_tlb
                0x000000004012c52f                svm_paging_init
                0x000000004012c643                svm_paging_pagefault
                0x000000004012c672                svm_paging_tlbflush
                0x000000004012c699                svm_paging_invalidate
                0x000000004012c6ca                svm_paging_npf
                0x000000004012c6f9                svm_paging_updatecr3
                0x000000004012c720                svm_paging_spt_setcr3
                0x000000004012c754                svm_paging_clear_all
                0x000000004012c77b                svm_paging_get_gpat
                0x000000004012c789                svm_paging_set_gpat
                0x000000004012c7c9                svm_paging_apply_fixed_cr0
                0x000000004012c7e8                svm_paging_apply_fixed_cr4
                0x000000004012c807                svm_paging_pg_change
                0x000000004012c809                svm_paging_start
                0x000000004012c80f                svm_panic_dump
                0x000000004012c8db                svm_read_general_reg
                0x000000004012ca17                svm_write_general_reg
                0x000000004012cb23                svm_read_control_reg
                0x000000004012cbb7                svm_write_control_reg
                0x000000004012cc88                svm_read_sreg_sel
                0x000000004012cd49                svm_read_sreg_acr
                0x000000004012ce24                svm_read_sreg_base
                0x000000004012cf3b                svm_read_sreg_limit
                0x000000004012d047                svm_read_ip
                0x000000004012d061                svm_write_ip
                0x000000004012d082                svm_read_flags
                0x000000004012d09c                svm_write_flags
                0x000000004012d0b3                svm_read_gdtr
                0x000000004012d0e5                svm_write_gdtr
                0x000000004012d109                svm_read_idtr
                0x000000004012d13b                svm_write_idtr
                0x000000004012d15f                svm_write_realmode_seg
                0x000000004012d29e                svm_writing_sreg
                0x000000004012d38d                int1a_TCG_StatusCheck
                0x000000004012d460                int1a_TCG_HashLogExtendEvent
                0x000000004012d4e9                int1a_TCG_PassThroughToTPM
                0x000000004012d572                int1a_TCG_HashLogEvent
                0x000000004012d5f5                int1a_TCG_HashAll
                0x000000004012d6af                int1a_TCG_TSS
                0x000000004012d738                int1a_TCG_CompactHashLogExtendEvent
                0x000000004012d79b                tcg_measure
                0x000000004012da9d                thread_gettid
                0x000000004012daad                schedule
                0x000000004012dcfb                thread_new
                0x000000004012de39                thread_wakeup
                0x000000004012df17                thread_will_stop
                0x000000004012df8f                thread_exit
                0x000000004012e033                thread_start1
                0x000000004012e225                get_cpu_time
                0x000000004012e2e0                get_acpi_time
                0x000000004012e37f                get_time
                0x000000004012e559                timer_new
                0x000000004012e5d5                timer_set
                0x000000004012e6f3                timer_free
                0x000000004012ebb6                tty_putchar
                0x000000004012ef35                ttylog_stop
                0x000000004012ef40                tty_udp_register
                0x000000004012ef85                tty_get_logbuf_info
                0x000000004012efc2                ttylog_copy_to_panicmem
                0x000000004012efd5                ttylog_copy_from_panicmem
                0x000000004012efe8                tty_init_iohook
                0x000000004012f001                vcpu_list_foreach
                0x000000004012f031                load_new_vcpu
                0x000000004012f0d9                vga_register
                0x000000004012f14e                vga_is_ready
                0x000000004012f1a1                vga_transfer_image
                0x000000004012f1e7                vga_fill_rect
                0x000000004012f21f                vga_get_screen_size
                0x000000004012f335                vmmcall
                0x000000004012f38d                vmmcall_register
                0x000000004012f3ca                vmmcall_init
                0x000000004012f766                vmmcall_boot_continue
                0x000000004012f7b4                vmmcall_boot_enable
                0x000000004012fd24                register_status_callback
                0x000000004012fdec                vramwrite_clearscreen
                0x000000004012fe55                vramwrite_putchar
                0x0000000040130033                vramwrite_mark1
                0x0000000040130068                vramwrite_mark2
                0x00000000401300a8                vramwrite_mark3
                0x00000000401300e7                vramwrite_save_and_move_cursor
                0x0000000040130114                vramwrite_restore_cursor
                0x0000000040130122                vramwrite_get_cursor_pos
                0x0000000040130168                vramwrite_init_global
                0x0000000040130170                vramwrite_exit_global
                0x00000000401301fb                vt_generate_pagefault
                0x0000000040130284                vt_generate_external_int
                0x00000000401302d9                vmctl_vt_init
                0x0000000040130329                vt_update_exint
                0x00000000401303ae                vt_vmptrld
                0x000000004013090b                vt_ept_init
                0x00000000401309c5                vt_ept_violation
                0x0000000040130a48                vt_ept_tlbflush
                0x0000000040130a4a                vt_ept_updatecr3
                0x0000000040130b06                vt_ept_clear_all
                0x0000000040130b6e                vt_ept_extern_mapsearch
                0x0000000040130c0f                vt_ept_map_1mb
                0x0000000040130c70                message_exitreason
                0x0000000040130de1                printexitreason
                0x0000000040131a1d                vt_available
                0x0000000040131abc                vt__vmx_init
                0x0000000040131b04                vt__vmxon
                0x0000000040131bc5                vt_vminit
                0x0000000040131c24                vt_vmexit
                0x0000000040131c41                vt_init
                0x0000000040131c54                vt_enable_resume
                0x0000000040131d3b                vt_resume
                0x0000000040131e21                vt_io
                0x0000000040131f45                vt_iopass
                0x0000000040132db5                vt_update_exception_bmp
                0x000000004013339f                vt_init_signal
                0x00000000401333ad                vt_start_vm
                0x00000000401338ff                vt_msr_load_process64_msrs
                0x00000000401339ad                vt_msr_own_process_msrs
                0x00000000401339d9                vt_add_guest_msr
                0x0000000040133b32                vt_read_guest_msr
                0x0000000040133b92                vt_write_guest_msr
                0x0000000040133bec                vt_msr_update_lma
                0x0000000040133ca1                vt_read_msr
                0x0000000040133ee0                vt_write_msr
                0x000000004013411c                vt_msrpass
                0x0000000040134215                vt_msr_init
                0x000000004013435a                vt_paging_extern_flush_tlb_entry
                0x00000000401343ad                vt_paging_map_1mb
                0x00000000401343cb                vt_paging_flush_guest_tlb
                0x000000004013442c                vt_paging_pagefault
                0x0000000040134462                vt_paging_tlbflush
                0x0000000040134480                vt_paging_invalidate
                0x00000000401344a6                vt_paging_npf
                0x00000000401344dc                vt_paging_updatecr3
                0x00000000401344ff                vt_paging_spt_setcr3
                0x0000000040134525                vt_paging_clear_all
                0x000000004013455b                vt_paging_get_gpat
                0x0000000040134569                vt_paging_set_gpat
                0x00000000401345ad                vt_paging_apply_fixed_cr0
                0x0000000040134616                vt_paging_apply_fixed_cr4
                0x000000004013465f                vt_paging_pg_change
                0x0000000040134880                vt_paging_init
                0x00000000401348cf                vt_paging_start
                0x00000000401348f0                vt_panic_dump
                0x0000000040134adc                vt_read_general_reg
                0x0000000040134c00                vt_write_general_reg
                0x0000000040134cf4                vt_read_control_reg
                0x0000000040134da3                vt_read_sreg_sel
                0x0000000040134eac                vt_read_sreg_acr
                0x0000000040134f15                vt_read_sreg_base
                0x0000000040134fa9                vt_read_sreg_limit
                0x0000000040135038                vt_read_ip
                0x0000000040135044                vt_write_ip
                0x000000004013505f                vt_read_flags
                0x0000000040135084                vt_write_flags
                0x00000000401350aa                vt_read_gdtr
                0x00000000401350c1                vt_write_gdtr
                0x00000000401350d2                vt_read_idtr
                0x0000000040135117                vt_write_idtr
                0x0000000040135148                vt_write_control_reg
                0x00000000401356b1                vt_get_current_regs_in_vmcs
                0x0000000040135961                vt_get_vmcs_regs_in_vmcs
                0x0000000040135b98                vt_write_realmode_seg
                0x0000000040135ce4                vt_writing_sreg
                0x0000000040135d70                vt_reset
                0x00000000401360db                prepare_for_sleep
                0x000000004013619d                cancel_sleep
                0x00000000401361c2                wakeup_main
                0x000000004013624d                wakeup_cont
                0x0000000040136390                wakeup_init
                0x00000000401363d7                call_xsetbv
                0x0000000040136490                mpumul_64_64
                0x00000000401364b0                mpudiv_128_32
                0x00000000401364d0                ipchecksum
                0x0000000040136560                crc32
                0x0000000040136570                asm_vmlaunch_regs_32
                0x00000000401365f0                asm_vmresume_regs_32
                0x0000000040136670                asm_vmrun_regs_32
                0x00000000401366d0                asm_vmrun_regs_nested_32
                0x0000000040136740                asm_vmlaunch_regs_64
                0x0000000040136820                asm_vmresume_regs_64
                0x0000000040136900                asm_vmrun_regs_64
                0x00000000401369b0                asm_vmrun_regs_nested_64
                0x0000000040136a62                callrealmode_start
                0x0000000040136a78                callrealmode_start2
                0x0000000040136f04                move_vmm_area32
                0x0000000040136f04                callrealmode_end
                0x0000000040136f29                move_vmm_area64
                0x0000000040136f58                int_handler
                0x0000000040136fd0                int_callfunc
                0x0000000040138000                syscall_entry_sysexit
                0x000000004013802c                syscall_entry_lret
                0x000000004013805c                ret_to_user32
                0x0000000040138068                syscall_entry_sysret64
                0x00000000401380b0                ret_to_user64
                0x0000000040139000                processuser_sysenter
                0x000000004013a000                processuser_no_sysenter
                0x000000004013b000                processuser_syscall
                0x000000004013c140                memset
                0x000000004013c1c0                memcpy
                0x000000004013c200                strcmp
                0x000000004013c240                memcmp
                0x000000004013c280                strlen
                0x000000004013c298                sx_handler
                0x000000004013c2f0                thread_switch
                0x000000004013c310                thread_start0
                0x000000004013c34a                core_init
                0x000000004013c356                core_mm_read_guest_phys
                0x000000004013c3c1                core_mm_write_guest_phys
                0x000000004013c42c                alloc_handler_descriptor
                0x000000004013c43f                core_io_modify_handler
                0x000000004013c4fe                core_io_unregister_handler
                0x000000004013c578                core_io_handle_default
                0x000000004013c84b                panic_oom
                0x000000004013c85e                core_io_register_handler
                0x000000004013c9a4                matched_drhd_u
                0x000000004013c9fb                parse_dmar_bios_report
                0x000000004013ca07                ieee1394_init
                0x000000004013ca5a                iommu_setup
                0x000000004013ca5c                iodom_init
                0x000000004013cbd4                add_remap
                0x000000004013cc09                create_dom
                0x000000004013cc0f                pci_conceal_config_write
                0x000000004013cc15                pci_conceal_config_read
                0x000000004013cc91                pci_conceal_new
                0x000000004013d0ad                pci_save_config_addr
                0x000000004013d0ba                pci_restore_config_addr
                0x000000004013d0c7                pci_append_device
                0x000000004013d0f4                pci_dump_pci_dev_list
                0x000000004013d0f6                pci_find_driver_for_device
                0x000000004013d104                pci_find_driver_by_token
                0x000000004013d16c                pci_config_addr_handler
                0x000000004013d1b0                pci_set_bridge_fake_command
                0x000000004013d27e                pci_register_driver
                0x000000004013d2cc                pci_read_config_data8
                0x000000004013d30d                pci_read_config_data16
                0x000000004013d34f                pci_read_config_data32
                0x000000004013d390                pci_write_config_data8
                0x000000004013d3cf                pci_write_config_data16
                0x000000004013d40f                pci_write_config_data32
                0x000000004013d44e                pci_read_config_data_port
                0x000000004013d47b                pci_write_config_data_port
                0x000000004013d4ac                pci_readwrite_config_mmio
                0x000000004013d567                pci_read_config_mmio
                0x000000004013d58a                pci_write_config_mmio
                0x000000004013d5ad                pci_handle_default_config_write
                0x000000004013d71f                pci_handle_default_config_read
                0x000000004013d7ee                pci_config_data_handler
                0x000000004013db1f                pci_config_mmio_handler
                0x000000004013de25                pci_get_bar_info
                0x000000004013de37                pci_set_bridge_io
                0x000000004013e17d                pci_get_modifying_bar_info
                0x000000004013e231                pci_driver_option_get_int
                0x000000004013e2aa                pci_driver_option_get_bool
                0x000000004013e39a                pci_msi_init
                0x000000004013e5ce                pci_msi_enable
                0x000000004013e61a                pci_msi_disable
                0x000000004013e666                pci_print_device
                0x000000004013eaae                pci_get_bridge_from_bus_no
                0x000000004013eaf0                pci_set_bridge_from_bus_no
                0x000000004013ee2b                pci_reconnect_device
                0x000000004013f093                pci_possible_new_device
                0x000000004013f5cc                pci_match
                0x000000004013fd03                pci_match_add_compat
                0x000000004013fd2f                pci_match_find_driver
                0x000000004014034b                security_storage_check_lba
                0x00000000401416dd                pci_monitor_config_read
                0x000000004014182b                pci_monitor_config_write
                0x0000000040141ed5                pci_monitor_new
                0x0000000040144e9c                ahci_new
                0x000000004014512b                ahci_config_read
                0x000000004014518c                ahci_config_write
                0x00000000401453b5                ata_bm_handle_command
                0x00000000401454df                ata_bm_handle_status
                0x000000004014557d                ata_bm_handle_prd_table
                0x0000000040145663                ata_bm_handler
                0x0000000040145736                ata_get_cmd_type
                0x0000000040145a76                ata_handle_queued_status
                0x0000000040146406                ata_channel_lock
                0x000000004014646e                ata_channel_unlock
                0x0000000040146490                ata_cmdblk_handler
                0x0000000040146574                ata_ctlblk_handler
                0x000000004014715e                ata_ahci_mode
                0x00000000401475ae                ata_init_io_handler
                0x0000000040147644                ata_set_bm_handler
                0x0000000040147697                ata_set_cmdblk_handler
                0x00000000401476d0                ata_set_ctlblk_handler
                0x000000004014770b                ata_config_read
                0x00000000401477d1                ata_config_write
                0x0000000040147968                ata_init_vendor
                0x000000004014798b                ata_bm_handle_device_specific
                0x0000000040147a72                atapi_handle_config_data
                0x0000000040147cef                atapi_handle_interrupt_reason
                0x0000000040147d38                atapi_handle_pio_identify_packet
                0x0000000040147f1a                atapi_handle_packet_data
                0x0000000040147f20                atapi_handle_cmd_packet
                0x0000000040147f91                packet_handle_through
                0x0000000040147fbf                packet_handle_nondata
                0x0000000040147fd4                packet_handle_config
                0x0000000040148019                packet_handle_rw
                0x00000000401480a4                packet_handle_invalid
                0x00000000401480b9                packet_handle_command
                0x00000000401480ea                uhci_init
                0x0000000040148986                uhci_current_frame_number
                0x0000000040148993                dump_td_byvirt
                0x0000000040148b3e                dump_td
                0x0000000040148c0c                dump_qh
                0x0000000040148de0                dump_frame
                0x0000000040148ed3                uhci_dump_all
                0x000000004014913f                uhci_error_status_string
                0x000000004014938b                uhci_shadow_buffer
                0x00000000401495e8                uhci_framelist_monitor
                0x000000004014b64a                scan_gframelist
                0x000000004014bea5                uhci_create_urb
                0x000000004014bf71                uhci_destroy_urb
                0x000000004014c09a                uhci_destroy_unlinked_urbs
                0x000000004014c172                uhci_deactivate_urb
                0x000000004014c4c7                uhci_activate_urb
                0x000000004014ca44                uhci_reactivate_urb
                0x000000004014cae4                uhci_submit_control
                0x000000004014d142                uhci_submit_interrupt
                0x000000004014d1a7                uhci_submit_bulk
                0x000000004014d20c                uhci_check_urb_advance
                0x000000004014d238                uhci_check_advance
                0x000000004014d435                init_hframelist
                0x000000004014d6e1                ehci_conceal_portroute
                0x000000004014d71c                ehci_init
                0x000000004014f5ef                ehci_dump_qtd
                0x000000004014f650                ehci_dump_qtdm
                0x000000004014f684                ehci_dump_alist
                0x000000004014f741                ehci_dump_urblist
                0x000000004014f7d1                ehci_dump_urb
                0x000000004014fc82                ehci_dump_async
                0x0000000040150065                ehci_dump_all
                0x000000004015154e                ehci_shadow_buffer
                0x00000000401517e7                get_gurb_by_address
                0x000000004015187e                shadow_and_activate_urb
                0x0000000040151b5e                ehci_deactivate_urb
                0x0000000040151ce5                deactivate_and_delete_urb
                0x0000000040151f5d                ehci_check_urb_advance
                0x0000000040152122                ehci_check_advance
                0x000000004015235b                ehci_shadow_async_list
                0x0000000040152463                ehci_cleanup_urbs
                0x00000000401525bd                ehci_end_monitor_async
                0x0000000040152628                ehci_monitor_async_list
                0x0000000040152be6                ehci_submit_control
                0x00000000401531c5                ehci_submit_bulk
                0x00000000401531cb                ehci_submit_interrupt
                0x0000000040154d03                usbmsc_init_handle
                0x00000000401550eb                usbhub_init_handle
                0x000000004015514e                hub_portdevice_register
                0x00000000401558cb                usbccid_init_handle
                0x00000000401559d6                usb_set_debug
                0x00000000401559dd                usb_init
                0x00000000401559df                usb_find_busses
                0x0000000040155abc                usb_get_busses
                0x0000000040155ac4                usb_get_bus
                0x0000000040155aef                usb_find_devices
                0x0000000040155b3a                usb_open
                0x0000000040155b97                usb_close
                0x0000000040155baa                usb_resetep
                0x0000000040155bb0                usb_clear_halt
                0x0000000040155bb6                usb_reset
                0x0000000040155bbc                usb_claim_interface
                0x0000000040155bc5                usb_release_interface
                0x0000000040155bd2                usb_set_configuration
                0x0000000040155e8f                usb_set_altinterface
                0x000000004015614f                usb_control_msg
                0x00000000401564c1                usb_get_string
                0x0000000040156810                usb_get_string_simple
                0x00000000401569dd                usb_get_descriptor
                0x0000000040156d2d                usb_get_descriptor_early
                0x000000004015708a                usb_get_descriptor_by_endpoint
                0x00000000401573dc                usb_bulk_write
                0x000000004015760f                usb_interrupt_write
                0x0000000040157842                usb_bulk_read
                0x0000000040157afe                usb_interrupt_read
                0x0000000040157dba                usb_register_host
                0x0000000040157e8e                usb_unregister_devices
                0x0000000040157ebf                usb_sc_lock
                0x0000000040157f22                usb_sc_unlock
                0x0000000040158254                free_config_descriptors
                0x0000000040158cd3                free_device
                0x0000000040158e36                handle_connect_status
                0x0000000040158f2d                handle_port_reset
                0x0000000040158ffe                dprintf_port
                0x000000004015997e                usb_init_device_monitor
                0x00000000401599d2                usb_new_dev_handle
                0x0000000040159a78                usbhid_init_handle
                0x0000000040159ba1                usb_hook_process
                0x0000000040159ecb                usb_hook_register
                0x0000000040159f9e                usb_hook_unregister
                0x000000004015a00f                _dprintf
                0x000000004015a062                _dprintft
                0x000000004015a112                pro100_io_handler
                0x000000004015a118                pro100_config_read
                0x000000004015a132                pro100_config_write
                0x000000004015a257                pro100_init
                0x000000004015a26a                pro100_init_vpn_client
                0x000000004015a2b2                pro100_sleep
                0x000000004015a2d6                pro100_beep
                0x000000004015a2ff                pro100_get_ctx
                0x000000004015a37a                pro100_alloc_page
                0x000000004015a3af                pro100_free_page
                0x000000004015a3c7                pro100_get_op_size
                0x000000004015a400                pro100_mem_read
                0x000000004015a46e                pro100_read_send_packet
                0x000000004015a61a                pro100_mem_write
                0x000000004015a682                pro100_write
                0x000000004015a6ed                pro100_read
                0x000000004015a765                pro100_wait_cu_ru_accepable
                0x000000004015a7a2                pro100_init_cu_base_addr
                0x000000004015a7f6                pro100_init_ru_base_addr
                0x000000004015a84a                pro100_flush
                0x000000004015a868                pro100_exec_cu_op
                0x000000004015a9b5                pro100_send_packet_to_line
                0x000000004015aaef                pro100_generate_int
                0x000000004015ab18                pro100_write_recv_packet
                0x000000004015ac70                pro100_proc_guest_op
                0x000000004015ae85                pro100_get_int_bit_string
                0x000000004015aeed                pro100_get_stat_ack_string
                0x000000004015af4d                pro100_get_cu_command_string
                0x000000004015afbb                pro100_get_ru_command_string
                0x000000004015aff9                pro100_init_recv_buffer
                0x000000004015b0e8                pro100_poll_ru
                0x000000004015b1e8                pro100_hook_write
                0x000000004015b469                pro100_hook_read
                0x000000004015b624                pro100_mm_handler
                0x000000004015b75e                pro100_alloc_recv_buffer
                0x000000004015b7c0                pro100_new
                0x000000004015fbf6                virtio_net_config_read
                0x000000004015fe69                virtio_net_config_write
                0x0000000040160011                virtio_net_set_multifunction
                0x0000000040160015                virtio_net_set_msix
                0x000000004016002e                virtio_net_msix
                0x00000000401600b2                virtio_intr
                0x0000000040160114                virtio_net_init
                0x000000004016027a                storage_premap_buf
                0x0000000040160280                storage_premap_handle_sectors
                0x000000004016059d                storage_get_num_hc
                0x00000000401605ca                storage_hc_open
                0x00000000401606bf                storage_hc_close
                0x000000004016070c                storage_hc_hook_register
                0x0000000040160784                storage_hc_hook_unregister
                0x0000000040160821                storage_hc_register
                0x00000000401609e7                storage_hc_unregister
                0x0000000040160ada                storage_hc_scandev
                0x0000000040160b22                storage_hc_dev_open
                0x0000000040160c47                storage_hc_dev_atacommand
                0x0000000040160dd4                storage_hc_dev_close
                0x0000000040160e8a                storage_io_init
                0x0000000040160e9a                storage_io_deinit
                0x0000000040160ea8                storage_io_get_num_devices
                0x0000000040160f6b                storage_io_aget_size
                0x000000004016107c                storage_io_aread
                0x0000000040161236                storage_io_awrite
                0x000000004016191a                storage_handle_sectors
                0x0000000040161b8d                storage_new
                0x000000004016205e                storage_free
                0x000000004016206c                storage_init
                0x0000000040162252                aes_xts_init
                0x0000000040162288                crypto_find
                0x00000000401622cb                crypto_register
                0x000000004016230e                crypto_init
                0x0000000040162360                crypto_none_init
                0x0000000040162438                vpn_GetCurrentCpuId
                0x0000000040162446                vpn_GetTickCount
                0x0000000040162477                vpn_NewTimer
                0x0000000040162494                vpn_SetTimer
                0x00000000401624ab                vpn_FreeTimer
                0x00000000401624b9                vpn_GetPhysicalNicInfo
                0x0000000040162504                vpn_SendPhysicalNic
                0x000000004016251d                vpn_SetPhysicalNicRecvCallback
                0x0000000040162545                vpn_GetVirtualNicInfo
                0x0000000040162590                vpn_SendVirtualNic
                0x00000000401625a9                vpn_SetVirtualNicRecvCallback
                0x00000000401625d4                vpn_ic_rsa_sign
                0x0000000040162c00                msg_vpn_GetCurrentCpuId
                0x0000000040162c1b                msg_vpn_ic_rsa_sign
                0x0000000040162cd4                msg_vpn_GetTickCount
                0x0000000040162d15                msg_vpn_GetPhysicalNicInfo
                0x0000000040162d78                msg_vpn_SendPhysicalNic
                0x0000000040162e2d                msg_vpn_SetPhysicalNicRecvCallback
                0x0000000040162e7d                msg_vpn_GetVirtualNicInfo
                0x0000000040162ee0                msg_vpn_SendVirtualNic
                0x0000000040162f95                msg_vpn_SetVirtualNicRecvCallback
                0x0000000040162fe5                msg_vpn_NewTimer
                0x0000000040163048                msg_vpn_SetTimer
                0x0000000040163112                msg_vpn_FreeTimer
                0x000000004016317e                vpn_start
                0x00000000401634d1                vpn_user_init
                0x0000000040163515                SeFreeConfigEntryList
                0x0000000040163564                SeGetConfigEntry
                0x00000000401635ce                SeGetConfigStr
                0x00000000401635fc                SeGetConfigBin
                0x0000000040163624                SeGetConfigInt64
                0x000000004016364c                SeGetConfigInt
                0x0000000040163674                SeGetConfigBool
                0x000000004016370a                SeIsSplitChar
                0x0000000040163773                SeGetKeyAndValue
                0x0000000040163971                SeLoadConfigEntryListFromBuf
                0x0000000040163ae1                SeLoadConfigEntryList
                0x0000000040163b19                SePKeyPasswordCallbackFunction
                0x0000000040163b51                SeDhFree
                0x0000000040163b88                SeRsaVerifyWithPadding
                0x0000000040163c57                SeRsaSignWithPadding
                0x0000000040163d0f                SeRsaPublicDecrypt
                0x0000000040163d9b                SeRsaPrivateEncrypt
                0x0000000040163e27                SeRsaPrivateDecrypt
                0x0000000040163eab                SeRsaPublicEncrypt
                0x0000000040163f2f                SeGetCertSha1
                0x0000000040163f6c                SeGetCertMd5
                0x0000000040163fa9                SeBinToBigNum
                0x0000000040163fde                SeDhCompute
                0x0000000040164054                SeBufToBigNum
                0x0000000040164075                SeBigNumToBuf
                0x00000000401640ed                SeDhNew
                0x00000000401641a4                SeDhNewGroup2
                0x00000000401641bc                SeRsaPublicToBuf
                0x0000000040164203                SeRsaPublicToBin
                0x000000004016425b                SeRsaPublicSize
                0x00000000401642b3                SeCheckSignature
                0x00000000401642e1                SeGetKeyFromCert
                0x0000000040164313                SeCompareCert
                0x0000000040164341                SeCheckCertAndKey
                0x000000004016436f                SeIsBase64
                0x00000000401643d5                SeFreePKey
                0x00000000401643e9                SeFreeKey
                0x0000000040164405                SeCheckCert
                0x0000000040164453                SeIsCertSignedByCert
                0x00000000401644b1                SeBioToKey
                0x00000000401645ae                SeGetCertIssuerName
                0x0000000040164634                SeGetCertSubjectName
                0x00000000401646ba                SeFreeX509
                0x00000000401646ce                SeFreeCert
                0x00000000401646f0                SeFreeBio
                0x0000000040164704                SeNewBio
                0x000000004016471a                SeRsaGen
                0x0000000040164873                SeKeyToBio
                0x0000000040164975                SeCertToBio
                0x00000000401649c1                SeBioToBuf
                0x0000000040164a43                SeBigNumToStr
                0x0000000040164aaf                SeKeyToBuf
                0x0000000040164b03                SeX509ToCert
                0x0000000040164bb3                SeBioToCert
                0x0000000040164bff                SeSaveKey
                0x0000000040164c51                SeCertToBuf
                0x0000000040164ca5                SeSaveCert
                0x0000000040164cf2                SeBufToBio
                0x0000000040164d4d                SeBufToCert
                0x0000000040164d93                SeCloneCert
                0x0000000040164ddf                SeLoadCert
                0x0000000040164e21                SeBufToKey
                0x0000000040164e6f                SeCloneKey
                0x0000000040164ecb                SeLoadKey
                0x0000000040164f6d                SeSha1
                0x0000000040164f93                SeMacSha1
                0x00000000401650eb                SeMacSha196
                0x0000000040165138                SeHashForSignBySHA1
                0x00000000401651e1                SeRsaVerifyWithSha1
                0x000000004016527e                SeRsaSignWithSha1
                0x000000004016530b                SeMd5
                0x0000000040165331                SeDes3Encrypt
                0x00000000401653b3                SeDes3Decrypt
                0x0000000040165435                SeDesNewKeyValue
                0x000000004016548c                SeDes3NewKey
                0x00000000401654fa                SeDesNewKey
                0x000000004016550e                SeDesRandKeyValue
                0x000000004016552b                SeDes3RandKey
                0x0000000040165567                SeDesRandKey
                0x00000000401655a4                SeDesFreeKeyValue
                0x00000000401655c0                SeDes3FreeKey
                0x00000000401655ee                SeDesFreeKey
                0x00000000401655fc                SeRand
                0x0000000040165614                SeRand64
                0x0000000040165631                SeRand32
                0x000000004016564d                SeRand16
                0x000000004016566a                SeRand8
                0x0000000040165687                SeRand1
                0x000000004016569d                SeInitCrypto
                0x00000000401656da                SeFreeCrypto
                0x00000000401656e9                SeIkeStrToPassword
                0x0000000040165743                SeIkePhase1CryptIdToKeySize
                0x0000000040165761                SeIkePhase2CryptIdToKeySize
                0x000000004016577f                SeIkeStrToPhase1Mode
                0x00000000401657af                SeIkeStrToPhase1CryptId
                0x0000000040165808                SeIkeStrToPhase1HashId
                0x000000004016583a                SeIkeStrToPhase2CryptId
                0x0000000040165898                SeIkeStrToPhase2HashId
                0x00000000401658ca                SeIkeIsZeroIP
                0x00000000401658fe                SeIkeInitIPv6Address
                0x000000004016593c                SeIkeInitIPv4Address
                0x0000000040165970                SeIkeGetIPv6Address
                0x0000000040165992                SeIkeGetIPv4Address
                0x00000000401659af                SeIkeIpAddressToStr
                0x00000000401659ed                SeIkeBuildDataPayload
                0x0000000040165a2b                SeIkeBuildTransformValue
                0x0000000040165aec                SeIkeBuildTransformValueList
                0x0000000040165b57                SeIkeBuildTransformPayload
                0x0000000040165bd3                SeIkeBuildIdPayload
                0x0000000040165c4a                SeIkeBuildCertPayload
                0x0000000040165cab                SeIkeBuildCertRequestPayload
                0x0000000040165d0c                SeIkeBuildNoticePayload
                0x0000000040165d9a                SeIkeBuildDeletePayload
                0x0000000040165e76                SeIkeGetFirstPayloadType
                0x0000000040165e97                SeIkeBuildPayloadList
                0x0000000040165fa0                SeIkeBuildSaPayload
                0x0000000040166029                SeIkeBuildProposalPayload
                0x00000000401660d7                SeIkeBuildPayload
                0x00000000401661b5                SeIkeGetPayload
                0x00000000401661fe                SeIkeGetPayloadNum
                0x000000004016623c                SeIkeNewPayload
                0x000000004016624d                SeIkeNewDeletePayload
                0x000000004016627e                SeIkeNewNoticePayload
                0x0000000040166307                SeIkeNewCertRequestPayload
                0x0000000040166356                SeIkeNewCertPayload
                0x00000000401663a5                SeIkeNewIdPayload
                0x000000004016640c                SeIkeNewTransformPayload
                0x0000000040166440                SeIkeNewProposalPayload
                0x00000000401664b1                SeIkeNewSaPayload
                0x00000000401664d2                SeIkeNewDataPayload
                0x000000004016650b                SeIkeNewTransformValue
                0x000000004016652c                SeIkeFreeTransformValueList
                0x0000000040166568                SeIkeParseTransformValueList
                0x00000000401666da                SeIkeParseTransformPayload
                0x000000004016673d                SeIkeFreeTransformPayload
                0x0000000040166762                SeIkeParseIdPayload
                0x00000000401667d7                SeIkeFreeIdPayload
                0x00000000401667fc                SeIkeParseCertPayload
                0x000000004016685c                SeIkeFreeCertPayload
                0x0000000040166881                SeIkeParseCertRequestPayload
                0x00000000401668e1                SeIkeFreeCertRequestPayload
                0x0000000040166906                SeIkeParseNoticePayload
                0x00000000401669c3                SeIkeFreeNoticePayload
                0x00000000401669fb                SeIkeFreeDeletePayload
                0x0000000040166a4d                SeIkeParseDeletePayload
                0x0000000040166b44                SeIkeParseDataPayload
                0x0000000040166b72                SeIkeFreeDataPayload
                0x0000000040166b89                SeIkeFreePayloadList
                0x0000000040166bc5                SeIkeFreeSaPayload
                0x0000000040166be8                SeIkeFreeProposalPayload
                0x0000000040166c20                SeIkeFreePayload
                0x0000000040166cb6                SeIkeParsePayloadListEx
                0x0000000040166e32                SeIkeParsePayloadList
                0x0000000040166e48                SeIkeParseSaPayload
                0x0000000040166efe                SeIkeParseProposalPayload
                0x0000000040166fa3                SeIkeParsePayload
                0x000000004016708c                SeIkeEncrypt
                0x0000000040167132                SeIkeEncryptWithPadding
                0x00000000401671d1                SeIkeBuild
                0x0000000040167326                SeIkeDecrypt
                0x00000000401673cc                SeIkeFree
                0x00000000401673fc                SeIkeParseEx
                0x00000000401675b3                SeIkeParseHeader
                0x00000000401675c6                SeIkeParse
                0x00000000401675d9                SeIkeNew
                0x0000000040167637                VPN_IPsec_Client_Start
                0x0000000040167662                VPN_IPsec_Client_Stop
                0x0000000040167676                SeIntInit
                0x000000004016768c                SeIntFree
                0x00000000401676a9                VPN_IPsec_Init
                0x00000000401676f7                VPN_IPsec_Free
                0x000000004016772d                SeSysMemoryAlloc
                0x000000004016774c                SeSysMemoryReAlloc
                0x0000000040167779                SeSysMemoryFree
                0x0000000040167795                SeSysGetCurrentCpuId
                0x00000000401677b0                SeSysNewLock
                0x00000000401677cb                SeSysLock
                0x00000000401677e7                SeSysUnlock
                0x0000000040167803                SeSysFreeLock
                0x000000004016781f                SeSysGetTickCount
                0x000000004016783a                SeSysNewTimer
                0x0000000040167862                SeSysSetTimer
                0x000000004016787e                SeSysFreeTimer
                0x000000004016789a                SeSysGetPhysicalNicInfo
                0x00000000401678bb                SeSysSendPhysicalNic
                0x00000000401678e5                SeSysSetPhysicalNicRecvCallback
                0x0000000040167911                SeSysGetVirtualNicInfo
                0x0000000040167932                SeSysSendVirtualNic
                0x000000004016795f                SeSysSetVirtualNicRecvCallback
                0x000000004016798e                SeSysSaveData
                0x00000000401679b9                SeSysLoadData
                0x00000000401679e4                SeSysFreeData
                0x0000000040167a03                SeSysRsaSign
                0x0000000040167a3e                SeSysLog
                0x0000000040167a6f                SeRsaSign
                0x0000000040167af6                Se4ParseIpPacketUDPv4
                0x0000000040167bcc                Se4FreeIpHeaderInfo
                0x0000000040167bf4                Se4IpChecksum
                0x0000000040167c66                Se4AdjustTcpMss
                0x0000000040167dff                Se4BuildIcmpEchoPacket
                0x0000000040167eaa                Se4ParseIpPacketICMPv4
                0x0000000040167fc9                Se4IpCheckChecksum
                0x0000000040168001                Se4Tick
                0x000000004016801d                Se4BroadcastMacAddress
                0x0000000040168023                Se4SendEthPacket
                0x00000000401680d7                Se4SendIpFragmentNow
                0x0000000040168104                Se4InitArpEntryList
                0x0000000040168117                Se4FreeArpEntryList
                0x0000000040168153                Se4FlushArpEntryList
                0x00000000401681f1                Se4SearchArpEntryList
                0x0000000040168268                Se4AddArpEntryList
                0x0000000040168331                Se4SearchArpWaitList
                0x0000000040168370                Se4InitArpWaitList
                0x0000000040168383                Se4FreeArpWaitList
                0x00000000401683bf                Se4InsertIpWait
                0x0000000040168428                Se4InitIpWaitList
                0x000000004016843b                Se4FreeIpWait
                0x0000000040168458                Se4FlushIpWaitList
                0x0000000040168507                Se4FreeIpWaitList
                0x0000000040168543                Se4InitIpCombineList
                0x0000000040168556                Se4SearchIpCombineList
                0x00000000401685b7                Se4InitIpFragmentList
                0x00000000401685ca                Se4InsertIpCombine
                0x00000000401686b2                Se4FreeIpFragmentList
                0x00000000401686ee                Se4FreeIpCombine
                0x000000004016871a                Se4FreeIpCombineList
                0x0000000040168758                Se4FlushIpCombineList
                0x000000004016882c                Se4Free
                0x0000000040168864                Se4And
                0x0000000040168893                Se4GetNetworkAddress
                0x000000004016889a                Se4Or
                0x00000000401688c9                Se4Not
                0x00000000401688fd                Se4GetHostAddress
                0x0000000040168912                Se4GetBroadcastAddress
                0x000000004016893c                Se4GenerateSubnetMask32
                0x000000004016895e                Se4IPToStr
                0x000000004016899c                Se4ZeroIP
                0x00000000401689b8                Se4StrToIP
                0x0000000040168a56                Se4IPToUINT
                0x0000000040168a7b                Se4SendArpDoProcess
                0x0000000040168b70                Se4SendArpRequest
                0x0000000040168bcb                Se4ProcessArpWaitList
                0x0000000040168c7c                Se4MainProc
                0x0000000040168ca1                Se4SendArpResponse
                0x0000000040168d77                Se4IsBroadcastAddress
                0x0000000040168d8e                Se4Cmp
                0x0000000040168db8                Se4CmpArpEntry
                0x0000000040168df2                Se4CmpArpWaitEntry
                0x0000000040168e2c                Se4SendWaitingIpWait
                0x0000000040168f0a                Se4CmpIpCombineList
                0x0000000040168f84                Se4IsInSameNetwork
                0x0000000040168fb8                Se4MacIpRelationKnown
                0x0000000040169058                Se4ParseIpPacket
                0x0000000040169198                Se4IsZeroIP
                0x00000000401691ae                Se4Init
                0x00000000401692ad                Se4CheckUnicastAddress
                0x00000000401692ef                Se4StrToIP32
                0x0000000040169304                Se4UINTToIP
                0x0000000040169329                Se4SendRawIp
                0x000000004016947e                Se4SendIpFragment
                0x00000000401695a9                Se4SendIp
                0x000000004016968a                Se4SendIcmpEchoRequest
                0x0000000040169702                Se4SendIcmpEchoResponse
                0x000000004016977a                Se4RecvIpComplete
                0x0000000040169842                Se4CombineIp
                0x0000000040169acb                Se4SendIcmp
                0x0000000040169b73                Se4SendUdp
                0x0000000040169c9a                Se4RecvIp
                0x0000000040169f22                Se4RecvArpRequest
                0x000000004016a032                Se4RecvArpResponse
                0x000000004016a071                Se4RecvArp
                0x000000004016a11a                Se4RecvEthPacket
                0x000000004016a197                Se4GenerateSubnetMask
                0x000000004016a1ac                Se4IsSubnetMask
                0x000000004016a1e8                Se4IPToStr32
                0x000000004016a1ff                Se6CmpIpCombineList
                0x000000004016a2c8                Se6CmpNdpWaitEntry
                0x000000004016a32c                Se6CmpNeighborEntry
                0x000000004016a390                Se6IsGuestNode
                0x000000004016a460                Se6FreeIpHeaderInfo
                0x000000004016a488                Se6IpChecksum
                0x000000004016a4fa                Se6CalcChecksum
                0x000000004016a59d                Se6BuildIcmpEchoPacket
                0x000000004016a682                Se6ParseIpPacketUDPv6
                0x000000004016a7ab                Se6ParseIpPacketICMPv6
                0x000000004016a9ac                Se6BroadcastMacAddress
                0x000000004016a9b2                Se6SendEthPacket
                0x000000004016aa66                Se6SendIpFragmentNow
                0x000000004016aa93                Se6InitNeighborEntryList
                0x000000004016aaa6                Se6FreeNeighborEntryList
                0x000000004016aae2                Se6FlushNeighborEntryList
                0x000000004016ab80                Se6SearchNeighborEntryList
                0x000000004016abd3                Se6AddNeighborEntryList
                0x000000004016aca0                Se6SearchNdpWaitList
                0x000000004016ace8                Se6InitNdpWaitList
                0x000000004016acfb                Se6FreeNdpWaitList
                0x000000004016ad37                Se6InsertIpWait
                0x000000004016adb7                Se6InitIpWaitList
                0x000000004016adca                Se6FreeIpWait
                0x000000004016ade7                Se6SendWaitingIpWait
                0x000000004016aef6                Se6FreeIpWaitList
                0x000000004016af32                Se6InitIpCombineList
                0x000000004016af45                Se6SearchIpCombineList
                0x000000004016afc5                Se6InitIpFragmentList
                0x000000004016afd8                Se6FreeIpFragmentList
                0x000000004016b014                Se6FreeIpCombine
                0x000000004016b043                Se6FreeIpCombineList
                0x000000004016b081                Se6Free
                0x000000004016b0c5                Se6Tick
                0x000000004016b0e1                Se6FlushIpWaitList
                0x000000004016b196                Se6FlushIpCombineList
                0x000000004016b26d                Se6InsertIpCombine
                0x000000004016b38c                Se6GenerateEui64Address
                0x000000004016b3e1                Se6GenerateMulticastMacAddress
                0x000000004016b414                Se6GetAllNodeMulticastAddr
[...]
tcp_pcb_purge                                     output.o
tcp_pcb_remove                                    output.o
tcp_persist_backoff                               output.o
tcp_poll                                          output.o
tcp_process_refused_data                          output.o
tcp_recv                                          output.o
tcp_recv_null                                     output.o
tcp_recved                                        output.o
tcp_rexmit                                        output.o
tcp_rexmit_fast                                   output.o
tcp_rexmit_rto                                    output.o
tcp_rst                                           output.o
tcp_seg_copy                                      output.o
tcp_seg_free                                      output.o
tcp_segs_free                                     output.o
tcp_send_empty_ack                                output.o
tcp_send_fin                                      output.o
tcp_sent                                          output.o
tcp_setprio                                       output.o
tcp_shutdown                                      output.o
tcp_slowtmr                                       output.o
tcp_state_str                                     output.o
tcp_ticks                                         output.o
tcp_timer_needed                                  output.o
tcp_tmp_pcb                                       output.o
tcp_tmr                                           output.o
tcp_tw_pcbs                                       output.o
tcp_update_rcv_ann_wnd                            output.o
tcp_write                                         output.o
tcp_zero_window_probe                             output.o
tcpip_begin                                       output.o
thread_exit                                       output.o
thread_gettid                                     output.o
thread_new                                        output.o
thread_start0                                     output.o
thread_start1                                     output.o
thread_switch                                     output.o
thread_wakeup                                     output.o
thread_will_stop                                  output.o
timer_free                                        output.o
timer_new                                         output.o
timer_set                                         output.o
tree_find_sk                                      output.o
tty_get_logbuf_info                               output.o
tty_init_iohook                                   output.o
tty_putchar                                       output.o
tty_udp_register                                  output.o
ttylog_copy_from_panicmem                         output.o
ttylog_copy_to_panicmem                           output.o
ttylog_stop                                       output.o
udp_bind                                          output.o
udp_connect                                       output.o
udp_disconnect                                    output.o
udp_init                                          output.o
udp_input                                         output.o
udp_new                                           output.o
udp_pcbs                                          output.o
udp_recv                                          output.o
udp_remove                                        output.o
udp_send                                          output.o
udp_sendto                                        output.o
udp_sendto_if                                     output.o
uefi_acpi_20_table                                output.o
uefi_acpi_table                                   output.o
uefi_allocate_pages                               output.o
uefi_booted                                       output.o
uefi_conin                                        output.o
uefi_conin_read_key_stroke                        output.o
uefi_conout                                       output.o
uefi_conout_output_string                         output.o
uefi_entry_call                                   output.o
uefi_entry_pcpy                                   output.o
uefi_entry_ret_addr                               output.o
uefi_entry_rsp                                    output.o
uefi_entry_start                                  output.o
uefi_entry_virttophys                             output.o
uefi_free_pages                                   output.o
uefi_get_memory_map                               output.o
uefi_init                                         output.o
uefi_init_get_vmmsize                             output.o
uefi_memory_map_data                              output.o
uefi_memory_map_descsize                          output.o
uefi_memory_map_size                              output.o
uefi_mmio_space                                   output.o
uefi_wait_for_event                               output.o
uhci_activate_urb                                 output.o
uhci_check_advance                                output.o
uhci_check_urb_advance                            output.o
uhci_create_urb                                   output.o
uhci_current_frame_number                         output.o
uhci_deactivate_urb                               output.o
uhci_destroy_unlinked_urbs                        output.o
uhci_destroy_urb                                  output.o
uhci_dump_all                                     output.o
uhci_error_status_string                          output.o
uhci_framelist_monitor                            output.o
uhci_init                                         output.o
uhci_monitor_boost_hc                             output.o
uhci_reactivate_urb                               output.o
uhci_shadow_buffer                                output.o
uhci_submit_bulk                                  output.o
uhci_submit_control                               output.o
uhci_submit_interrupt                             output.o
unmapmem                                          output.o
update_mtrr_and_pat                               output.o
usb_bulk_read                                     output.o
usb_bulk_write                                    output.o
usb_busses_head                                   output.o
usb_claim_interface                               output.o
usb_clear_halt                                    output.o
usb_close                                         output.o
usb_control_msg                                   output.o
usb_find_busses                                   output.o
usb_find_devices                                  output.o
usb_get_bus                                       output.o
usb_get_busses                                    output.o
usb_get_descriptor                                output.o
usb_get_descriptor_by_endpoint                    output.o
usb_get_descriptor_early                          output.o
usb_get_string                                    output.o
usb_get_string_simple                             output.o
usb_hc_list_head                                  output.o
usb_hook_process                                  output.o
usb_hook_register                                 output.o
usb_hook_unregister                               output.o
usb_init                                          output.o
usb_init_device_monitor                           output.o
usb_interrupt_read                                output.o
usb_interrupt_write                               output.o
usb_log_level                                     output.o
usb_new_dev_handle                                output.o
usb_open                                          output.o
usb_register_host                                 output.o
usb_release_interface                             output.o
usb_reset                                         output.o
usb_resetep                                       output.o
usb_sc_lock                                       output.o
usb_sc_unlock                                     output.o
usb_set_altinterface                              output.o
usb_set_configuration                             output.o
usb_set_debug                                     output.o
usb_unregister_devices                            output.o
usbccid_init_handle                               output.o
usbhid_init_handle                                output.o
usbhub_init_handle                                output.o
usbmsc_init_handle                                output.o
use_pae                                           output.o
usleep                                            output.o
v2i_ASN1_BIT_STRING                               output.o
v2i_GENERAL_NAME                                  output.o
v2i_GENERAL_NAMES                                 output.o
v2i_GENERAL_NAME_ex                               output.o
v3_akey_id                                        output.o
v3_alt                                            output.o
v3_bcons                                          output.o
v3_cpols                                          output.o
v3_crl_hold                                       output.o
v3_crl_invdate                                    output.o
v3_crl_num                                        output.o
v3_crl_reason                                     output.o
v3_crld                                           output.o
v3_delta_crl                                      output.o
v3_ext_ku                                         output.o
v3_freshest_crl                                   output.o
v3_idp                                            output.o
v3_info                                           output.o
v3_inhibit_anyp                                   output.o
v3_key_usage                                      output.o
v3_name_constraints                               output.o
v3_ns_ia5_list                                    output.o
v3_nscert                                         output.o
v3_ocsp_accresp                                   output.o
v3_ocsp_acutoff                                   output.o
v3_ocsp_crlid                                     output.o
v3_ocsp_nocheck                                   output.o
v3_ocsp_nonce                                     output.o
v3_ocsp_serviceloc                                output.o
v3_pci                                            output.o
v3_pkey_usage_period                              output.o
v3_policy_constraints                             output.o
v3_policy_mappings                                output.o
v3_sinfo                                          output.o
v3_skey_id                                        output.o
v3_sxnet                                          output.o
vcpu_list_foreach                                 output.o
vga_fill_rect                                     output.o
vga_get_screen_size                               output.o
vga_is_ready                                      output.o
vga_register                                      output.o
vga_transfer_image                                output.o
virtio_intr                                       output.o
virtio_net_config_read                            output.o
virtio_net_config_write                           output.o
virtio_net_init                                   output.o
virtio_net_msix                                   output.o
virtio_net_set_msix                               output.o
virtio_net_set_multifunction                      output.o
vmctl_svm_init                                    output.o
vmctl_vt_init                                     output.o
vmm_base_cr3                                      output.o
vmm_main                                          output.o
vmm_start_inf                                     output.o
vmm_start_phys                                    output.o
vmm_term_inf                                      output.o
vmmcall                                           output.o
vmmcall_boot_continue                             output.o
vmmcall_boot_enable                               output.o
vmmcall_init                                      output.o
vmmcall_register                                  output.o
vmmsize                                           output.o
vpn_FreeTimer                                     output.o
vpn_GetCurrentCpuId                               output.o
vpn_GetPhysicalNicInfo                            output.o
vpn_GetTickCount                                  output.o
vpn_GetVirtualNicInfo                             output.o
vpn_NewTimer                                      output.o
vpn_SendPhysicalNic                               output.o
vpn_SendVirtualNic                                output.o
vpn_SetPhysicalNicRecvCallback                    output.o
vpn_SetTimer                                      output.o
vpn_SetVirtualNicRecvCallback                     output.o
vpn_ic_rsa_sign                                   output.o
vpn_start                                         output.o
vpn_user_init                                     output.o
vprintf                                           output.o
vramwrite_clearscreen                             output.o
vramwrite_exit_global                             output.o
vramwrite_get_cursor_pos                          output.o
vramwrite_init_global                             output.o
vramwrite_mark1                                   output.o
vramwrite_mark2                                   output.o
vramwrite_mark3                                   output.o
vramwrite_putchar                                 output.o
vramwrite_restore_cursor                          output.o
vramwrite_save_and_move_cursor                    output.o
vsnprintf                                         output.o
vt__vmx_init                                      output.o
vt__vmxon                                         output.o
vt_add_guest_msr                                  output.o
vt_available                                      output.o
vt_enable_resume                                  output.o
vt_ept_clear_all                                  output.o
vt_ept_extern_mapsearch                           output.o
vt_ept_init                                       output.o
vt_ept_map_1mb                                    output.o
vt_ept_tlbflush                                   output.o
vt_ept_updatecr3                                  output.o
vt_ept_violation                                  output.o
vt_generate_external_int                          output.o
vt_generate_pagefault                             output.o
vt_get_current_regs_in_vmcs                       output.o
vt_get_vmcs_regs_in_vmcs                          output.o
vt_init                                           output.o
vt_init_signal                                    output.o
vt_io                                             output.o
vt_iopass                                         output.o
vt_msr_init                                       output.o
vt_msr_load_process64_msrs                        output.o
vt_msr_own_process_msrs                           output.o
vt_msr_update_lma                                 output.o
vt_msrpass                                        output.o
vt_paging_apply_fixed_cr0                         output.o
vt_paging_apply_fixed_cr4                         output.o
vt_paging_clear_all                               output.o
vt_paging_extern_flush_tlb_entry                  output.o
vt_paging_flush_guest_tlb                         output.o
vt_paging_get_gpat                                output.o
vt_paging_init                                    output.o
vt_paging_invalidate                              output.o
vt_paging_map_1mb                                 output.o
vt_paging_npf                                     output.o
vt_paging_pagefault                               output.o
vt_paging_pg_change                               output.o
vt_paging_set_gpat                                output.o
vt_paging_spt_setcr3                              output.o
vt_paging_start                                   output.o
vt_paging_tlbflush                                output.o
vt_paging_updatecr3                               output.o
vt_panic_dump                                     output.o
vt_read_control_reg                               output.o
vt_read_flags                                     output.o
vt_read_gdtr                                      output.o
vt_read_general_reg                               output.o
vt_read_guest_msr                                 output.o
vt_read_idtr                                      output.o
vt_read_ip                                        output.o
vt_read_msr                                       output.o
vt_read_sreg_acr                                  output.o
vt_read_sreg_base                                 output.o
vt_read_sreg_limit                                output.o
vt_read_sreg_sel                                  output.o
vt_reset                                          output.o
vt_resume                                         output.o
vt_start_vm                                       output.o
vt_update_exception_bmp                           output.o
vt_update_exint                                   output.o
vt_vmexit                                         output.o
vt_vminit                                         output.o
vt_vmptrld                                        output.o
vt_write_control_reg                              output.o
vt_write_flags                                    output.o
vt_write_gdtr                                     output.o
vt_write_general_reg                              output.o
vt_write_guest_msr                                output.o
vt_write_idtr                                     output.o
vt_write_ip                                       output.o
vt_write_msr                                      output.o
vt_write_realmode_seg                             output.o
vt_writing_sreg                                   output.o
waitcycles                                        output.o
wakeup_cont                                       output.o
wakeup_entry_addr                                 output.o
wakeup_entry_cr0                                  output.o
wakeup_entry_cr3                                  output.o
wakeup_entry_cr4                                  output.o
wakeup_entry_end                                  output.o
wakeup_entry_gdtr                                 output.o
wakeup_entry_start                                output.o
wakeup_init                                       output.o
wakeup_main                                       output.o
whirlpool_block                                   output.o
write_gphys_b                                     output.o
write_gphys_l                                     output.o
write_gphys_q                                     output.o
write_gphys_w                                     output.o
write_hphys_b                                     output.o
write_hphys_l                                     output.o
write_hphys_q                                     output.o
write_hphys_w                                     output.o
write_linearaddr_b                                output.o
write_linearaddr_l                                output.o
write_linearaddr_ok_b                             output.o
write_linearaddr_ok_l                             output.o
write_linearaddr_ok_w                             output.o
write_linearaddr_q                                output.o
write_linearaddr_tss                              output.o
write_linearaddr_w                                output.o
x509_name_ff                                      output.o
